
Harsh Gupta@iamharsh MINGW64 ~/Desktop/SelfGit
$ git config --global user.name
harsh

Harsh Gupta@iamharsh MINGW64 ~/Desktop/SelfGit
$ git config --global user.email
hg.harsh28@gmail.com

Harsh Gupta@iamharsh MINGW64 ~/Desktop/SelfGit
$ git status
fatal: not a git repository (or any of the parent directories): .git

Harsh Gupta@iamharsh MINGW64 ~/Desktop/SelfGit
$ git init
Initialized empty Git repository in C:/Users/Harsh Gupta/Desktop/SelfGit/.git/

Harsh Gupta@iamharsh MINGW64 ~/Desktop/SelfGit (master)
$ ls

Harsh Gupta@iamharsh MINGW64 ~/Desktop/SelfGit (master)
$ ls -lart
total 8
drwxr-xr-x 1 Harsh Gupta 197609 0 Dec 12 14:06 ../
drwxr-xr-x 1 Harsh Gupta 197609 0 Dec 12 20:04 ./
drwxr-xr-x 1 Harsh Gupta 197609 0 Dec 12 20:04 .git/

Harsh Gupta@iamharsh MINGW64 ~/Desktop/SelfGit (master)
$ ls -la
total 8
drwxr-xr-x 1 Harsh Gupta 197609 0 Dec 12 20:04 ./
drwxr-xr-x 1 Harsh Gupta 197609 0 Dec 12 14:06 ../
drwxr-xr-x 1 Harsh Gupta 197609 0 Dec 12 20:04 .git/

Harsh Gupta@iamharsh MINGW64 ~/Desktop/SelfGit (master)
$ ls -l
total 0

Harsh Gupta@iamharsh MINGW64 ~/Desktop/SelfGit (master)
$ ls -lt
total 0

Harsh Gupta@iamharsh MINGW64 ~/Desktop/SelfGit (master)
$ code .

Harsh Gupta@iamharsh MINGW64 ~/Desktop/SelfGit (master)
$ git status
On branch master

No commits yet

nothing to commit (create/copy files and use "git add" to track)

Harsh Gupta@iamharsh MINGW64 ~/Desktop/SelfGit (master)
$ git status
On branch master

No commits yet

Untracked files:
  (use "git add <file>..." to include in what will be committed)
        a.txt

nothing added to commit but untracked files present (use "git add" to track)

Harsh Gupta@iamharsh MINGW64 ~/Desktop/SelfGit (master)
$ git add a.txt

Harsh Gupta@iamharsh MINGW64 ~/Desktop/SelfGit (master)
$ git status
On branch master

No commits yet

Changes to be committed:
  (use "git rm --cached <file>..." to unstage)
        new file:   a.txt


Harsh Gupta@iamharsh MINGW64 ~/Desktop/SelfGit (master)
$ git status
On branch master

No commits yet

Changes to be committed:
  (use "git rm --cached <file>..." to unstage)
        new file:   a.txt

Untracked files:
  (use "git add <file>..." to include in what will be committed)
        b.txt


Harsh Gupta@iamharsh MINGW64 ~/Desktop/SelfGit (master)
$ git add .

Harsh Gupta@iamharsh MINGW64 ~/Desktop/SelfGit (master)
$ git status
On branch master

No commits yet

Changes to be committed:
  (use "git rm --cached <file>..." to unstage)
        new file:   a.txt
        new file:   b.txt


Harsh Gupta@iamharsh MINGW64 ~/Desktop/SelfGit (master)
$ git commit -m "Initial commit"
[master (root-commit) 587f080] Initial commit
 2 files changed, 2 insertions(+)
 create mode 100644 a.txt
 create mode 100644 b.txt

Harsh Gupta@iamharsh MINGW64 ~/Desktop/SelfGit (master)
$ git status
On branch master
nothing to commit, working tree clean

Harsh Gupta@iamharsh MINGW64 ~/Desktop/SelfGit (master)
$ git log
commit 587f0801da509289f60532f425525edac2749c62 (HEAD -> master)
Author: harsh <hg.harsh28@gmail.com>
Date:   Sat Dec 12 20:13:22 2020 +0530

    Initial commit

Harsh Gupta@iamharsh MINGW64 ~/Desktop/SelfGit (master)
$ git add remote origin git@github.com:harshgupta28/SelfGit.git
fatal: pathspec 'remote' did not match any files

Harsh Gupta@iamharsh MINGW64 ~/Desktop/SelfGit (master)
$ git remote add origin git@github.com:harshgupta28/SelfGit.git

Harsh Gupta@iamharsh MINGW64 ~/Desktop/SelfGit (master)
$ git remote origin
error: Unknown subcommand: origin
usage: git remote [-v | --verbose]
   or: git remote add [-t <branch>] [-m <master>] [-f] [--tags | --no-tags] [--mirror=<fetch|push>] <name> <url>
   or: git remote rename <old> <new>
   or: git remote remove <name>
   or: git remote set-head <name> (-a | --auto | -d | --delete | <branch>)
   or: git remote [-v | --verbose] show [-n] <name>
   or: git remote prune [-n | --dry-run] <name>
   or: git remote [-v | --verbose] update [-p | --prune] [(<group> | <remote>)...]
   or: git remote set-branches [--add] <name> <branch>...
   or: git remote get-url [--push] [--all] <name>
   or: git remote set-url [--push] <name> <newurl> [<oldurl>]
   or: git remote set-url --add <name> <newurl>
   or: git remote set-url --delete <name> <url>

    -v, --verbose         be verbose; must be placed before a subcommand


Harsh Gupta@iamharsh MINGW64 ~/Desktop/SelfGit (master)
$ git remote show origin
Warning: Permanently added the RSA host key for IP address '13.234.210.38' to the list of known hosts.
      * remote origin
  Fetch URL: git@github.com:harshgupta28/SelfGit.git
  Push  URL: git@github.com:harshgupta28/SelfGit.git
  HEAD branch: (unknown)

Harsh Gupta@iamharsh MINGW64 ~/Desktop/SelfGit (master)
$ git push -u origin master
Enumerating objects: 4, done.
Counting objects: 100% (4/4), done.
Delta compression using up to 8 threads
Compressing objects: 100% (2/2), done.
Writing objects: 100% (4/4), 266 bytes | 88.00 KiB/s, done.
Total 4 (delta 0), reused 0 (delta 0), pack-reused 0
To github.com:harshgupta28/SelfGit.git
 * [new branch]      master -> master
Branch 'master' set up to track remote branch 'master' from 'origin'.

Harsh Gupta@iamharsh MINGW64 ~/Desktop/SelfGit (master)
$ git status
On branch master
Your branch is up to date with 'origin/master'.

Changes not staged for commit:
  (use "git add <file>..." to update what will be committed)
  (use "git restore <file>..." to discard changes in working directory)
        modified:   a.txt

no changes added to commit (use "git add" and/or "git commit -a")

Harsh Gupta@iamharsh MINGW64 ~/Desktop/SelfGit (master)
$ git commit -m "bad added"
On branch master
Your branch is up to date with 'origin/master'.

Changes not staged for commit:
  (use "git add <file>..." to update what will be committed)
  (use "git restore <file>..." to discard changes in working directory)
        modified:   a.txt

no changes added to commit (use "git add" and/or "git commit -a")

Harsh Gupta@iamharsh MINGW64 ~/Desktop/SelfGit (master)
$ git add -A

Harsh Gupta@iamharsh MINGW64 ~/Desktop/SelfGit (master)
$ git commit -m "bad added"
[master a271bfa] bad added
 1 file changed, 1 insertion(+), 1 deletion(-)

Harsh Gupta@iamharsh MINGW64 ~/Desktop/SelfGit (master)
$ git status
On branch master
Your branch is ahead of 'origin/master' by 1 commit.
  (use "git push" to publish your local commits)

nothing to commit, working tree clean

Harsh Gupta@iamharsh MINGW64 ~/Desktop/SelfGit (master)
$ git checkout a.txt
Updated 0 paths from the index

Harsh Gupta@iamharsh MINGW64 ~/Desktop/SelfGit (master)
$ git status
On branch master
Your branch is ahead of 'origin/master' by 1 commit.
  (use "git push" to publish your local commits)

Changes not staged for commit:
  (use "git add <file>..." to update what will be committed)
  (use "git restore <file>..." to discard changes in working directory)
        modified:   a.txt

no changes added to commit (use "git add" and/or "git commit -a")

Harsh Gupta@iamharsh MINGW64 ~/Desktop/SelfGit (master)
$ git add -A

Harsh Gupta@iamharsh MINGW64 ~/Desktop/SelfGit (master)
$ git commit -m "bad removed"
[master 5f27ea8] bad removed
 1 file changed, 1 insertion(+), 1 deletion(-)

Harsh Gupta@iamharsh MINGW64 ~/Desktop/SelfGit (master)
$ git status
On branch master
Your branch is ahead of 'origin/master' by 2 commits.
  (use "git push" to publish your local commits)

nothing to commit, working tree clean

Harsh Gupta@iamharsh MINGW64 ~/Desktop/SelfGit (master)
$ git status
On branch master
Your branch is ahead of 'origin/master' by 2 commits.
  (use "git push" to publish your local commits)

Changes not staged for commit:
  (use "git add <file>..." to update what will be committed)
  (use "git restore <file>..." to discard changes in working directory)
        modified:   a.txt

no changes added to commit (use "git add" and/or "git commit -a")

Harsh Gupta@iamharsh MINGW64 ~/Desktop/SelfGit (master)
$ git checkout a.txt
Updated 1 path from the index

Harsh Gupta@iamharsh MINGW64 ~/Desktop/SelfGit (master)
$ git status
On branch master
Your branch is ahead of 'origin/master' by 2 commits.
  (use "git push" to publish your local commits)

Changes not staged for commit:
  (use "git add <file>..." to update what will be committed)
  (use "git restore <file>..." to discard changes in working directory)
        modified:   a.txt

no changes added to commit (use "git add" and/or "git commit -a")

Harsh Gupta@iamharsh MINGW64 ~/Desktop/SelfGit (master)
$ git add -A

Harsh Gupta@iamharsh MINGW64 ~/Desktop/SelfGit (master)
$ git checkout a.txt
Updated 0 paths from the index

Harsh Gupta@iamharsh MINGW64 ~/Desktop/SelfGit (master)
$ git status
On branch master
Your branch is ahead of 'origin/master' by 2 commits.
  (use "git push" to publish your local commits)

Changes to be committed:
  (use "git restore --staged <file>..." to unstage)
        modified:   a.txt


Harsh Gupta@iamharsh MINGW64 ~/Desktop/SelfGit (master)
$ git status
On branch master
Your branch is ahead of 'origin/master' by 2 commits.
  (use "git push" to publish your local commits)

Changes to be committed:
  (use "git restore --staged <file>..." to unstage)
        modified:   a.txt


Harsh Gupta@iamharsh MINGW64 ~/Desktop/SelfGit (master)
$ git checkout a.txt
Updated 0 paths from the index

Harsh Gupta@iamharsh MINGW64 ~/Desktop/SelfGit (master)
$ git reset a.txt
Unstaged changes after reset:
M       a.txt

Harsh Gupta@iamharsh MINGW64 ~/Desktop/SelfGit (master)
$ git checkout a.txt
Updated 1 path from the index

Harsh Gupta@iamharsh MINGW64 ~/Desktop/SelfGit (master)
$ git pull
Already up to date.

Harsh Gupta@iamharsh MINGW64 ~/Desktop/SelfGit (master)
$ git pull origin master
From github.com:harshgupta28/SelfGit
 * branch            master     -> FETCH_HEAD
Already up to date.

Harsh Gupta@iamharsh MINGW64 ~/Desktop/SelfGit (master)
$ git fetch

Harsh Gupta@iamharsh MINGW64 ~/Desktop/SelfGit (master)
$ git pull origin master
From github.com:harshgupta28/SelfGit
 * branch            master     -> FETCH_HEAD
Already up to date.

Harsh Gupta@iamharsh MINGW64 ~/Desktop/SelfGit (master)
$ touch c.txt

Harsh Gupta@iamharsh MINGW64 ~/Desktop/SelfGit (master)
$ git status
On branch master
Your branch is ahead of 'origin/master' by 2 commits.
  (use "git push" to publish your local commits)

Untracked files:
  (use "git add <file>..." to include in what will be committed)
        c.txt

nothing added to commit but untracked files present (use "git add" to track)

Harsh Gupta@iamharsh MINGW64 ~/Desktop/SelfGit (master)
$ git add -A

Harsh Gupta@iamharsh MINGW64 ~/Desktop/SelfGit (master)
$ git commit -m "C file added"
[master bd8a264] C file added
 1 file changed, 1 insertion(+)
 create mode 100644 c.txt

Harsh Gupta@iamharsh MINGW64 ~/Desktop/SelfGit (master)
$ git status
On branch master
Your branch is ahead of 'origin/master' by 3 commits.
  (use "git push" to publish your local commits)

nothing to commit, working tree clean

Harsh Gupta@iamharsh MINGW64 ~/Desktop/SelfGit (master)
$ git push
Enumerating objects: 11, done.
Counting objects: 100% (11/11), done.
Delta compression using up to 8 threads
Compressing objects: 100% (6/6), done.
Writing objects: 100% (9/9), 746 bytes | 373.00 KiB/s, done.
Total 9 (delta 1), reused 0 (delta 0), pack-reused 0
remote: Resolving deltas: 100% (1/1), done.
To github.com:harshgupta28/SelfGit.git
   587f080..bd8a264  master -> master

Harsh Gupta@iamharsh MINGW64 ~/Desktop/SelfGit (master)
$ git pull
remote: Enumerating objects: 5, done.
remote: Counting objects: 100% (5/5), done.
remote: Compressing objects: 100% (2/2), done.
remote: Total 3 (delta 1), reused 0 (delta 0), pack-reused 0
Unpacking objects: 100% (3/3), 649 bytes | 3.00 KiB/s, done.
From github.com:harshgupta28/SelfGit
   bd8a264..c864dc0  master     -> origin/master
Updating bd8a264..c864dc0
Fast-forward
 c.txt | 2 +-
 1 file changed, 1 insertion(+), 1 deletion(-)

Harsh Gupta@iamharsh MINGW64 ~/Desktop/SelfGit (master)
$ touch .gitignore

Harsh Gupta@iamharsh MINGW64 ~/Desktop/SelfGit (master)
$ touch waste.txt

Harsh Gupta@iamharsh MINGW64 ~/Desktop/SelfGit (master)
$ git status
On branch master
Your branch is up to date with 'origin/master'.

Untracked files:
  (use "git add <file>..." to include in what will be committed)
        .gitignore

nothing added to commit but untracked files present (use "git add" to track)

Harsh Gupta@iamharsh MINGW64 ~/Desktop/SelfGit (master)
$ git commit -a -m "skipped staging area"
On branch master
Your branch is up to date with 'origin/master'.

Untracked files:
  (use "git add <file>..." to include in what will be committed)
        .gitignore

nothing added to commit but untracked files present (use "git add" to track)

Harsh Gupta@iamharsh MINGW64 ~/Desktop/SelfGit (master)
$ git add -A

Harsh Gupta@iamharsh MINGW64 ~/Desktop/SelfGit (master)
$ git commit -a -m "skipped staging area"
[master 50a3acb] skipped staging area
 1 file changed, 1 insertion(+)
 create mode 100644 .gitignore

Harsh Gupta@iamharsh MINGW64 ~/Desktop/SelfGit (master)
$ git status
On branch master
Your branch is ahead of 'origin/master' by 1 commit.
  (use "git push" to publish your local commits)

nothing to commit, working tree clean

Harsh Gupta@iamharsh MINGW64 ~/Desktop/SelfGit (master)
$ git status
On branch master
Your branch is ahead of 'origin/master' by 1 commit.
  (use "git push" to publish your local commits)

nothing to commit, working tree clean

Harsh Gupta@iamharsh MINGW64 ~/Desktop/SelfGit (master)
$ touch fold

Harsh Gupta@iamharsh MINGW64 ~/Desktop/SelfGit (master)
$ touch fold/
touch: cannot touch 'fold/': Not a directory

Harsh Gupta@iamharsh MINGW64 ~/Desktop/SelfGit (master)
$ mkdir foldr

Harsh Gupta@iamharsh MINGW64 ~/Desktop/SelfGit (master)
$ git status
On branch master
Your branch is ahead of 'origin/master' by 1 commit.
  (use "git push" to publish your local commits)

Untracked files:
  (use "git add <file>..." to include in what will be committed)
        fold

nothing added to commit but untracked files present (use "git add" to track)

Harsh Gupta@iamharsh MINGW64 ~/Desktop/SelfGit (master)
$ git rm --cached fold
fatal: pathspec 'fold' did not match any files

Harsh Gupta@iamharsh MINGW64 ~/Desktop/SelfGit (master)
$ git status
On branch master
Your branch is ahead of 'origin/master' by 1 commit.
  (use "git push" to publish your local commits)

nothing to commit, working tree clean

Harsh Gupta@iamharsh MINGW64 ~/Desktop/SelfGit (master)
$ cd foldr

Harsh Gupta@iamharsh MINGW64 ~/Desktop/SelfGit/foldr (master)
$ git status
On branch master
Your branch is ahead of 'origin/master' by 1 commit.
  (use "git push" to publish your local commits)

nothing to commit, working tree clean

Harsh Gupta@iamharsh MINGW64 ~/Desktop/SelfGit/foldr (master)
$ touch waste.txt

Harsh Gupta@iamharsh MINGW64 ~/Desktop/SelfGit/foldr (master)
$ git status
On branch master
Your branch is ahead of 'origin/master' by 1 commit.
  (use "git push" to publish your local commits)

nothing to commit, working tree clean

Harsh Gupta@iamharsh MINGW64 ~/Desktop/SelfGit/foldr (master)
$ cd /

Harsh Gupta@iamharsh MINGW64 /
$ cd Desktop
bash: cd: Desktop: No such file or directory

Harsh Gupta@iamharsh MINGW64 /
$ cd /Desktop
bash: cd: /Desktop: No such file or directory

Harsh Gupta@iamharsh MINGW64 /
$ cd c:

Harsh Gupta@iamharsh MINGW64 /c
$ cd user
bash: cd: user: No such file or directory

Harsh Gupta@iamharsh MINGW64 /c
$ cd /user
bash: cd: /user: No such file or directory

Harsh Gupta@iamharsh MINGW64 /c
$ cd Users\Harsh Gupta\Desktop
bash: cd: too many arguments

Harsh Gupta@iamharsh MINGW64 /c
$ cd Users

Harsh Gupta@iamharsh MINGW64 /c/Users
$ cd Harsh Gupta
bash: cd: too many arguments

Harsh Gupta@iamharsh MINGW64 /c/Users
$ cd "Harsh Gupta"

Harsh Gupta@iamharsh MINGW64 ~
$ cd Desktop

Harsh Gupta@iamharsh MINGW64 ~/Desktop
$ /
bash: /: Is a directory

Harsh Gupta@iamharsh MINGW64 ~/Desktop
$ cd /

Harsh Gupta@iamharsh MINGW64 /
$ cd

Harsh Gupta@iamharsh MINGW64 ~
$ Desktop
bash: Desktop: command not found

Harsh Gupta@iamharsh MINGW64 ~
$ cd /

Harsh Gupta@iamharsh MINGW64 /
$ cd

Harsh Gupta@iamharsh MINGW64 ~
$ cd User
bash: cd: User: No such file or directory

Harsh Gupta@iamharsh MINGW64 ~
$ cd c:

Harsh Gupta@iamharsh MINGW64 /c
$ cd user
bash: cd: user: No such file or directory

Harsh Gupta@iamharsh MINGW64 /c
$ cd User
bash: cd: User: No such file or directory

Harsh Gupta@iamharsh MINGW64 /c
$ cd User
bash: cd: User: No such file or directory

Harsh Gupta@iamharsh MINGW64 /c
$ cd users

Harsh Gupta@iamharsh MINGW64 /c/users
$ cd "harsh gupta"

Harsh Gupta@iamharsh MINGW64 /c/users/harsh gupta
$ cd desktop

Harsh Gupta@iamharsh MINGW64 /c/users/harsh gupta/desktop
$ cd

Harsh Gupta@iamharsh MINGW64 ~
$ cd c:

Harsh Gupta@iamharsh MINGW64 /c
$ cd Users

Harsh Gupta@iamharsh MINGW64 /c/Users
$ cd "Harsh Gupta"

Harsh Gupta@iamharsh MINGW64 ~
$ cd Desktop

Harsh Gupta@iamharsh MINGW64 ~/Desktop
$ git status
fatal: not a git repository (or any of the parent directories): .git

Harsh Gupta@iamharsh MINGW64 ~/Desktop
$ cls
bash: cls: command not found

Harsh Gupta@iamharsh MINGW64 ~/Desktop
$ ls
 GitInOneVideo/  'New Text Document.txt'   SelfGit/   desktop.ini

Harsh Gupta@iamharsh MINGW64 ~/Desktop
$ cd SelfGit

Harsh Gupta@iamharsh MINGW64 ~/Desktop/SelfGit (master)
$ git status
On branch master
Your branch is ahead of 'origin/master' by 1 commit.
  (use "git push" to publish your local commits)

nothing to commit, working tree clean

Harsh Gupta@iamharsh MINGW64 ~/Desktop/SelfGit (master)
$ git status -s

Harsh Gupta@iamharsh MINGW64 ~/Desktop/SelfGit (master)
$ git status -s

Harsh Gupta@iamharsh MINGW64 ~/Desktop/SelfGit (master)
$ git log
commit 50a3acbf717ba21bfeddbfbdeae8b5f41cf311b4 (HEAD -> master)
Author: harsh <hg.harsh28@gmail.com>
Date:   Sat Dec 12 21:04:22 2020 +0530

    skipped staging area

commit c864dc00a870053d32d8e6d069205b8fb11b174d (origin/master)
Author: Harsh Gupta <hg.harsh28@gmail.com>
Date:   Sat Dec 12 20:55:24 2020 +0530

    Update c.txt

commit bd8a26499feebd2f06a93210b16723622862baef
Author: harsh <hg.harsh28@gmail.com>
Date:   Sat Dec 12 20:52:47 2020 +0530

    C file added

commit 5f27ea88b0c429aa586aacc319667bd1a3c85220
Author: harsh <hg.harsh28@gmail.com>
Date:   Sat Dec 12 20:25:32 2020 +0530

    bad removed

commit a271bfa474db37e9232c6e073acdfe3224fd6256

Harsh Gupta@iamharsh MINGW64 ~/Desktop/SelfGit (master)
$ ls
a.txt  b.txt  c.txt  foldr/  waste.txt

Harsh Gupta@iamharsh MINGW64 ~/Desktop/SelfGit (master)
$ git --version
git version 2.29.2.windows.3

Harsh Gupta@iamharsh MINGW64 ~/Desktop/SelfGit (master)
$ git status
On branch master
Your branch is ahead of 'origin/master' by 1 commit.
  (use "git push" to publish your local commits)

nothing to commit, working tree clean

Harsh Gupta@iamharsh MINGW64 ~/Desktop/SelfGit (master)
$ ls
a.txt  b.txt  c.txt  foldr/  waste.txt

Harsh Gupta@iamharsh MINGW64 ~/Desktop/SelfGit (master)
$ git status
On branch master
Your branch is ahead of 'origin/master' by 1 commit.
  (use "git push" to publish your local commits)

nothing to commit, working tree clean

Harsh Gupta@iamharsh MINGW64 ~/Desktop/SelfGit (master)
$ git status
On branch master
Your branch is ahead of 'origin/master' by 1 commit.
  (use "git push" to publish your local commits)

Changes not staged for commit:
  (use "git add <file>..." to update what will be committed)
  (use "git restore <file>..." to discard changes in working directory)
        modified:   .gitignore

Untracked files:
  (use "git add <file>..." to include in what will be committed)
        foldr/
        waste.txt

no changes added to commit (use "git add" and/or "git commit -a")

Harsh Gupta@iamharsh MINGW64 ~/Desktop/SelfGit (master)
$ git status
On branch master
Your branch is ahead of 'origin/master' by 1 commit.
  (use "git push" to publish your local commits)

Changes not staged for commit:
  (use "git add <file>..." to update what will be committed)
  (use "git restore <file>..." to discard changes in working directory)
        modified:   .gitignore

Untracked files:
  (use "git add <file>..." to include in what will be committed)
        waste.txt

no changes added to commit (use "git add" and/or "git commit -a")

Harsh Gupta@iamharsh MINGW64 ~/Desktop/SelfGit (master)
$ git status
On branch master
Your branch is ahead of 'origin/master' by 1 commit.
  (use "git push" to publish your local commits)

Changes not staged for commit:
  (use "git add <file>..." to update what will be committed)
  (use "git restore <file>..." to discard changes in working directory)
        modified:   .gitignore

Untracked files:
  (use "git add <file>..." to include in what will be committed)
        waste.txt

no changes added to commit (use "git add" and/or "git commit -a")

Harsh Gupta@iamharsh MINGW64 ~/Desktop/SelfGit (master)
$ git status
On branch master
Your branch is ahead of 'origin/master' by 1 commit.
  (use "git push" to publish your local commits)

Changes not staged for commit:
  (use "git add <file>..." to update what will be committed)
  (use "git restore <file>..." to discard changes in working directory)
        modified:   .gitignore

Untracked files:
  (use "git add <file>..." to include in what will be committed)
        waste.txt

no changes added to commit (use "git add" and/or "git commit -a")

Harsh Gupta@iamharsh MINGW64 ~/Desktop/SelfGit (master)
$ git status
On branch master
Your branch is ahead of 'origin/master' by 1 commit.
  (use "git push" to publish your local commits)

Changes not staged for commit:
  (use "git add <file>..." to update what will be committed)
  (use "git restore <file>..." to discard changes in working directory)
        modified:   .gitignore

Untracked files:
  (use "git add <file>..." to include in what will be committed)
        waste.txt

no changes added to commit (use "git add" and/or "git commit -a")

Harsh Gupta@iamharsh MINGW64 ~/Desktop/SelfGit (master)
$ git status
On branch master
Your branch is ahead of 'origin/master' by 1 commit.
  (use "git push" to publish your local commits)

Changes not staged for commit:
  (use "git add <file>..." to update what will be committed)
  (use "git restore <file>..." to discard changes in working directory)
        modified:   .gitignore

Untracked files:
  (use "git add <file>..." to include in what will be committed)
        waste.txt

no changes added to commit (use "git add" and/or "git commit -a")

Harsh Gupta@iamharsh MINGW64 ~/Desktop/SelfGit (master)
$ git status
On branch master
Your branch is ahead of 'origin/master' by 1 commit.
  (use "git push" to publish your local commits)

Changes not staged for commit:
  (use "git add <file>..." to update what will be committed)
  (use "git restore <file>..." to discard changes in working directory)
        modified:   .gitignore

Untracked files:
  (use "git add <file>..." to include in what will be committed)
        waste.txt

no changes added to commit (use "git add" and/or "git commit -a")

Harsh Gupta@iamharsh MINGW64 ~/Desktop/SelfGit (master)
$ git status
On branch master
Your branch is ahead of 'origin/master' by 1 commit.
  (use "git push" to publish your local commits)

Changes not staged for commit:
  (use "git add <file>..." to update what will be committed)
  (use "git restore <file>..." to discard changes in working directory)
        modified:   .gitignore

Untracked files:
  (use "git add <file>..." to include in what will be committed)
        waste.txt

no changes added to commit (use "git add" and/or "git commit -a")

Harsh Gupta@iamharsh MINGW64 ~/Desktop/SelfGit (master)
$ git status
On branch master
Your branch is ahead of 'origin/master' by 1 commit.
  (use "git push" to publish your local commits)

Changes not staged for commit:
  (use "git add <file>..." to update what will be committed)
  (use "git restore <file>..." to discard changes in working directory)
        modified:   .gitignore

no changes added to commit (use "git add" and/or "git commit -a")

Harsh Gupta@iamharsh MINGW64 ~/Desktop/SelfGit (master)
$ git status
On branch master
Your branch is ahead of 'origin/master' by 1 commit.
  (use "git push" to publish your local commits)

Changes not staged for commit:
  (use "git add <file>..." to update what will be committed)
  (use "git restore <file>..." to discard changes in working directory)
        modified:   .gitignore

Untracked files:
  (use "git add <file>..." to include in what will be committed)
        waste.txt

no changes added to commit (use "git add" and/or "git commit -a")

Harsh Gupta@iamharsh MINGW64 ~/Desktop/SelfGit (master)
$ git status
On branch master
Your branch is ahead of 'origin/master' by 1 commit.
  (use "git push" to publish your local commits)

Changes not staged for commit:
  (use "git add <file>..." to update what will be committed)
  (use "git restore <file>..." to discard changes in working directory)
        modified:   .gitignore

no changes added to commit (use "git add" and/or "git commit -a")

Harsh Gupta@iamharsh MINGW64 ~/Desktop/SelfGit (master)
$ git diff
diff --git a/.gitignore b/.gitignore
index 527707a..30d7443 100644
--- a/.gitignore
+++ b/.gitignore
@@ -1 +1,2 @@
-waste.txt
\ No newline at end of file
+waste.txt
+foldr/
\ No newline at end of file
diff --git a/a.txt b/a.txt
index dfd4e88..3e72b74 100644
--- a/a.txt
+++ b/a.txt
@@ -1 +1 @@
-this is a file
\ No newline at end of file
+this is a file added for difference
\ No newline at end of file

Harsh Gupta@iamharsh MINGW64 ~/Desktop/SelfGit (master)
$ git status
On branch master
Your branch is ahead of 'origin/master' by 1 commit.
  (use "git push" to publish your local commits)

Changes not staged for commit:
  (use "git add <file>..." to update what will be committed)
  (use "git restore <file>..." to discard changes in working directory)
        modified:   .gitignore
        modified:   a.txt

no changes added to commit (use "git add" and/or "git commit -a")

Harsh Gupta@iamharsh MINGW64 ~/Desktop/SelfGit (master)
$ git add .gitignore

Harsh Gupta@iamharsh MINGW64 ~/Desktop/SelfGit (master)
$ git commit -m "msg"
[master 126ea61] msg
 1 file changed, 2 insertions(+), 1 deletion(-)

Harsh Gupta@iamharsh MINGW64 ~/Desktop/SelfGit (master)
$ git status
On branch master
Your branch is ahead of 'origin/master' by 2 commits.
  (use "git push" to publish your local commits)

Changes not staged for commit:
  (use "git add <file>..." to update what will be committed)
  (use "git restore <file>..." to discard changes in working directory)
        modified:   a.txt

no changes added to commit (use "git add" and/or "git commit -a")

Harsh Gupta@iamharsh MINGW64 ~/Desktop/SelfGit (master)
$ git diff
diff --git a/a.txt b/a.txt
index dfd4e88..3e72b74 100644
--- a/a.txt
+++ b/a.txt
@@ -1 +1 @@
-this is a file
\ No newline at end of file
+this is a file added for difference
\ No newline at end of file

Harsh Gupta@iamharsh MINGW64 ~/Desktop/SelfGit (master)
$ git add a.txt

Harsh Gupta@iamharsh MINGW64 ~/Desktop/SelfGit (master)
$ git diff

Harsh Gupta@iamharsh MINGW64 ~/Desktop/SelfGit (master)
$ gti diff --staged
bash: gti: command not found

Harsh Gupta@iamharsh MINGW64 ~/Desktop/SelfGit (master)
$ git diff --staged
diff --git a/a.txt b/a.txt
index dfd4e88..3e72b74 100644
--- a/a.txt
+++ b/a.txt
@@ -1 +1 @@
-this is a file
\ No newline at end of file
+this is a file added for difference
\ No newline at end of file

Harsh Gupta@iamharsh MINGW64 ~/Desktop/SelfGit (master)
$ git diff --staged
diff --git a/a.txt b/a.txt
index dfd4e88..3e72b74 100644
--- a/a.txt
+++ b/a.txt
@@ -1 +1 @@
-this is a file
\ No newline at end of file
+this is a file added for difference
\ No newline at end of file

Harsh Gupta@iamharsh MINGW64 ~/Desktop/SelfGit (master)
$ git status -m
error: unknown switch `m'
usage: git status [<options>] [--] <pathspec>...

    -v, --verbose         be verbose
    -s, --short           show status concisely
    -b, --branch          show branch information
    --show-stash          show stash information
    --ahead-behind        compute full ahead/behind values
    --porcelain[=<version>]
                          machine-readable output
    --long                show status in long format (default)
    -z, --null            terminate entries with NUL
    -u, --untracked-files[=<mode>]
                          show untracked files, optional modes: all, normal, no. (Default: all)
    --ignored[=<mode>]    show ignored files, optional modes: traditional, matching, no. (Default: traditional)
    --ignore-submodules[=<when>]
                          ignore changes to submodules, optional when: all, dirty, untracked. (Default: all)
    --column[=<style>]    list untracked files in columns
    --no-renames          do not detect renames
    -M, --find-renames[=<n>]
                          detect renames, optionally set similarity index
    --show-ignored-directory
                          (DEPRECATED: use --ignore=matching instead) Only show directories that match an ignore pattern name.
    --no-lock-index       (DEPRECATED: use `git --no-optional-locks status` instead) Do not lock the index


Harsh Gupta@iamharsh MINGW64 ~/Desktop/SelfGit (master)
$ git status -s
MM a.txt

Harsh Gupta@iamharsh MINGW64 ~/Desktop/SelfGit (master)
$ git status
On branch master
Your branch is ahead of 'origin/master' by 2 commits.
  (use "git push" to publish your local commits)

Changes to be committed:
  (use "git restore --staged <file>..." to unstage)
        modified:   a.txt

Changes not staged for commit:
  (use "git add <file>..." to update what will be committed)
  (use "git restore <file>..." to discard changes in working directory)
        modified:   a.txt


Harsh Gupta@iamharsh MINGW64 ~/Desktop/SelfGit (master)
$ git commit a.txt
[master f3185e8] msg
 1 file changed, 1 insertion(+), 1 deletion(-)

Harsh Gupta@iamharsh MINGW64 ~/Desktop/SelfGit (master)
$ git status
On branch master
Your branch is ahead of 'origin/master' by 3 commits.
  (use "git push" to publish your local commits)

nothing to commit, working tree clean

Harsh Gupta@iamharsh MINGW64 ~/Desktop/SelfGit (master)
$ git branch
* master

Harsh Gupta@iamharsh MINGW64 ~/Desktop/SelfGit (master)
$ git branch copy

Harsh Gupta@iamharsh MINGW64 ~/Desktop/SelfGit (master)
$ git branch
  copy
* master

Harsh Gupta@iamharsh MINGW64 ~/Desktop/SelfGit (master)
$ git checkout copy
Switched to branch 'copy'

Harsh Gupta@iamharsh MINGW64 ~/Desktop/SelfGit (copy)
$ git checkout master
Switched to branch 'master'
Your branch is ahead of 'origin/master' by 3 commits.
  (use "git push" to publish your local commits)

Harsh Gupta@iamharsh MINGW64 ~/Desktop/SelfGit (master)
$ git merge copy
Already up to date.

Harsh Gupta@iamharsh MINGW64 ~/Desktop/SelfGit (master)
$ git remote
origin

Harsh Gupta@iamharsh MINGW64 ~/Desktop/SelfGit (master)
$ git remote -v
origin  git@github.com:harshgupta28/SelfGit.git (fetch)
origin  git@github.com:harshgupta28/SelfGit.git (push)

Harsh Gupta@iamharsh MINGW64 ~/Desktop/SelfGit (master)
$ git push
Enumerating objects: 11, done.
Counting objects: 100% (11/11), done.
Delta compression using up to 8 threads
Compressing objects: 100% (6/6), done.
Writing objects: 100% (9/9), 954 bytes | 477.00 KiB/s, done.
Total 9 (delta 0), reused 0 (delta 0), pack-reused 0
To github.com:harshgupta28/SelfGit.git
   c864dc0..f3185e8  master -> master

Harsh Gupta@iamharsh MINGW64 ~/Desktop/SelfGit (master)
$ git branch
  copy
* master

Harsh Gupta@iamharsh MINGW64 ~/Desktop/SelfGit (master)
$ git push origin copy
Total 0 (delta 0), reused 0 (delta 0), pack-reused 0
remote:
remote: Create a pull request for 'copy' on GitHub by visiting:
remote:      https://github.com/harshgupta28/SelfGit/pull/new/copy
remote:
To github.com:harshgupta28/SelfGit.git
 * [new branch]      copy -> copy

Harsh Gupta@iamharsh MINGW64 ~/Desktop/SelfGit (master)
$ git branch -d copy
Deleted branch copy (was f3185e8).

Harsh Gupta@iamharsh MINGW64 ~/Desktop/SelfGit (master)
$ git push
Everything up-to-date

Harsh Gupta@iamharsh MINGW64 ~/Desktop/SelfGit (master)
$ git push origin --delete copy
To github.com:harshgupta28/SelfGit.git
 - [deleted]         copy

Harsh Gupta@iamharsh MINGW64 ~/Desktop/SelfGit (master)
$
